Resolving dependencies...
Downloading packages...
  _fe_analyzer_shared 91.0.0 (92.0.0 available)
  analyzer 8.4.1 (9.0.0 available)
  build 4.0.2 (4.0.3 available)
  build_daemon 4.1.0 (4.1.1 available)
  build_runner 2.10.1 (2.10.4 available)
  built_value 8.12.0 (8.12.1 available)
  characters 1.4.0 (1.4.1 available)
  connectivity_plus 6.1.5 (7.0.0 available)
  cross_file 0.3.4+2 (0.3.5+1 available)
  crypto 3.0.6 (3.0.7 available)
  csv 5.1.1 (6.0.0 available)
  dart_style 3.1.2 (3.1.3 available)
  file_picker 10.3.3 (10.3.7 available)
  flutter_plugin_android_lifecycle 2.0.32 (2.0.33 available)
  flutter_riverpod 2.6.1 (3.0.3 available)
  get_it 8.3.0 (9.1.1 available)
  go_router 16.2.5 (17.0.0 available)
  google_fonts 6.3.2 (6.3.3 available)
  http 1.5.0 (1.6.0 available)
  intl 0.19.0 (0.20.2 available)
  matcher 0.12.17 (0.12.18 available)
  material_color_utilities 0.11.1 (0.13.0 available)
  meta 1.16.0 (1.17.0 available)
  mime 1.0.6 (2.0.0 available)
  path_provider_android 2.2.20 (2.2.22 available)
  path_provider_foundation 2.4.3 (2.5.1 available)
  riverpod 2.6.1 (3.0.3 available)
  shared_preferences_android 2.4.15 (2.4.18 available)
  shared_preferences_foundation 2.5.5 (2.5.6 available)
  source_gen 4.0.2 (4.1.1 available)
  sqflite_common_ffi 2.3.6 (2.4.0 available)
  sqlite3 2.9.3 (3.1.1 available)
  sqlite3_flutter_libs 0.5.40 (0.5.41 available)
  test_api 0.7.6 (0.7.8 available)
Got dependencies!
34 packages have newer versions incompatible with dependency constraints.
Try `flutter pub outdated` for more information.
00:00 +0: loading C:/Users/Admin/Desktop/Divyesh/Waah/waah_frontend/test/sidebar_test.dart
flutter : test/sidebar
_test.dart:63:34: 
Error: Type 
'AuthController' not 
found.
At line:1 char:1
+ flutter test test/si
debar_test.dart > 
test_output.txt 2>&1
+ ~~~~~~~~~~~~~~~~~~~~
~~~~~~~~~~~~~~~~~~~~~~
~~~~~~~~~~~~~~~~
    + CategoryInfo    
          : NotSpeci  
  fied: (test/sideb   
 ar_te...ler' not     
found.:String) []    
, RemoteException
    + FullyQualifiedE 
   rrorId : NativeCo  
  mmandError
 
class 
AuthControllerMock 
extends 
AuthController {
                      
           
^^^^^^^^^^^^^^
test/sidebar_test.dart
:34:100: Error: 
Required named 
parameter 'tenantId' 
must be provided.
          restaurantSe
ttingsProvider.overrid
eWith((ref) => const A
syncValue.data(Restaur
antSettings(name: 
'Test Rest', logoUrl: 
''))),
                      
                      
                      
                      
  ^
lib/data/models.dart:3
03:3: Context: Found 
this candidate, but 
the arguments don't 
match.
  RestaurantSettings({
  ^^^^^^^^^^^^^^^^^^
test/sidebar_test.dart
:32:56: Error: A 
value of type 
'AuthControllerMock' 
can't be returned 
from a function with 
return type 
'AuthController'.
 - 
'AuthControllerMock' 
is from 'test/sidebar_
test.dart'.
 - 'AuthController' 
is from 'package:waah_
frontend/features/auth
/auth_controller.dart'
 ('lib/features/auth/a
uth_controller.dart').
          authControll
erProvider.overrideWit
h((ref) => 
AuthControllerMock()),
                      
                      
           ^
test/sidebar_test.dart
:33:56: Error: A 
value of type 
'String' can't be 
returned from a 
function with return 
type '_IdNotifier'.
 - '_IdNotifier' is 
from 'package:waah_fro
ntend/app/providers.da
rt' ('lib/app/provider
s.dart').
          activeBranch
IdProvider.overrideWit
h((ref) => 
'branch-1'),
                      
                      
           ^
test/sidebar_test.dart
:34:66: Error: A 
value of type 
'AsyncValue<dynamic>' 
can't be returned 
from a function with 
return type 'Stream<Re
staurantSetting?>'.
 - 'AsyncValue' is 
from 'package:riverpod
/src/common.dart' ('..
/../../../AppData/Loca
l/Pub/Cache/hosted/pub
.dev/riverpod-2.6.1/li
b/src/common.dart').
 - 'Stream' is from 
'dart:async'.
 - 
'RestaurantSetting' 
is from 'package:waah_
frontend/data/local/ap
p_db.dart' ('lib/data/
local/app_db.dart').
          restaurantSe
ttingsProvider.overrid
eWith((ref) => const A
syncValue.data(Restaur
antSettings(name: 
'Test Rest', logoUrl: 
''))),
                      
                      
                     ^
test/sidebar_test.dart
:35:62: Error: A 
value of type 'AsyncVa
lue<List<dynamic>>' 
can't be returned 
from a function with 
return type 'Stream<Li
st<BranchInfo>>'.
 - 'AsyncValue' is 
from 'package:riverpod
/src/common.dart' ('..
/../../../AppData/Loca
l/Pub/Cache/hosted/pub
.dev/riverpod-2.6.1/li
b/src/common.dart').
 - 'List' is from 
'dart:core'.
 - 'Stream' is from 
'dart:async'.
 - 'BranchInfo' is 
from 'package:waah_fro
ntend/data/models.dart
' ('lib/data/models.da
rt').
          branchesStre
amProvider.overrideWit
h((ref) => const 
AsyncValue.data([])),
                      
                      
                 ^
test/sidebar_test.dart
:65:25: Error: Cannot 
invoke a non-'const' 
constructor where a 
const expression is 
expected.
Try using a 
constructor or 
factory that is 
'const'.
  User? get me => 
const User(id: 'u1', 
name: 'Test User', 
email: 
'test@test.com', 
tenantId: 't1');
                      
  ^^^^
00:00 +0 -1: loading C:/Users/Admin/Desktop/Divyesh/Waah/waah_frontend/test/sidebar_test.dart [E]
  Failed to load "C:/Users/Admin/Desktop/Divyesh/Waah/waah_frontend/test/sidebar_test.dart":
  Compilation failed for testPath=C:/Users/Admin/Desktop/Divyesh/Waah/waah_frontend/test/sidebar_test.dart: test/sidebar_test.dart:63:34: Error: Type 'AuthController' not found.
  class AuthControllerMock extends AuthController {
                                   ^^^^^^^^^^^^^^
  test/sidebar_test.dart:34:100: Error: Required named parameter 'tenantId' must be provided.
            restaurantSettingsProvider.overrideWith((ref) => const AsyncValue.data(RestaurantSettings(name: 'Test Rest', logoUrl: ''))),
                                                                                                     ^
  lib/data/models.dart:303:3: Context: Found this candidate, but the arguments don't match.
    RestaurantSettings({
    ^^^^^^^^^^^^^^^^^^
  test/sidebar_test.dart:32:56: Error: A value of type 'AuthControllerMock' can't be returned from a function with return type 'AuthController'.
   - 'AuthControllerMock' is from 'test/sidebar_test.dart'.
   - 'AuthController' is from 'package:waah_frontend/features/auth/auth_controller.dart' ('lib/features/auth/auth_controller.dart').
            authControllerProvider.overrideWith((ref) => AuthControllerMock()),
                                                         ^
  test/sidebar_test.dart:33:56: Error: A value of type 'String' can't be returned from a function with return type '_IdNotifier'.
   - '_IdNotifier' is from 'package:waah_frontend/app/providers.dart' ('lib/app/providers.dart').
            activeBranchIdProvider.overrideWith((ref) => 'branch-1'),
                                                         ^
  test/sidebar_test.dart:34:66: Error: A value of type 'AsyncValue<dynamic>' can't be returned from a function with return type 'Stream<RestaurantSetting?>'.
   - 'AsyncValue' is from 'package:riverpod/src/common.dart' ('../../../../AppData/Local/Pub/Cache/hosted/pub.dev/riverpod-2.6.1/lib/src/common.dart').
   - 'Stream' is from 'dart:async'.
   - 'RestaurantSetting' is from 'package:waah_frontend/data/local/app_db.dart' ('lib/data/local/app_db.dart').
            restaurantSettingsProvider.overrideWith((ref) => const AsyncValue.data(RestaurantSettings(name: 'Test Rest', logoUrl: ''))),
                                                                   ^
  test/sidebar_test.dart:35:62: Error: A value of type 'AsyncValue<List<dynamic>>' can't be returned from a function with return type 'Stream<List<BranchInfo>>'.
   - 'AsyncValue' is from 'package:riverpod/src/common.dart' ('../../../../AppData/Local/Pub/Cache/hosted/pub.dev/riverpod-2.6.1/lib/src/common.dart').
   - 'List' is from 'dart:core'.
   - 'Stream' is from 'dart:async'.
   - 'BranchInfo' is from 'package:waah_frontend/data/models.dart' ('lib/data/models.dart').
            branchesStreamProvider.overrideWith((ref) => const AsyncValue.data([])),
                                                               ^
  test/sidebar_test.dart:65:25: Error: Cannot invoke a non-'const' constructor where a const expression is expected.
  Try using a constructor or factory that is 'const'.
    User? get me => const User(id: 'u1', name: 'Test User', email: 'test@test.com', tenantId: 't1');
                          ^^^^
  .
00:00 +0 -1: Some tests failed.
